2025-08-28 09:12:17,483 - config.logging - INFO - Logging configured - Debug: False
2025-08-28 09:15:00,654 - config.logging - INFO - Logging configured - Debug: False
2025-08-28 09:15:10,677 - passlib.handlers.bcrypt - WARNING - (trapped) error reading bcrypt version
Traceback (most recent call last):
  File "/Users/gimjinhyeon/Desktop/DoubleM/project/mindforest/backend/venv/lib/python3.9/site-packages/passlib/handlers/bcrypt.py", line 620, in _load_backend_mixin
    version = _bcrypt.__about__.__version__
AttributeError: module 'bcrypt' has no attribute '__about__'
2025-08-28 09:15:11,010 - services.counselor.auth_service - INFO - 새 상담사 등록 완료: counselor1
2025-08-28 10:22:19,054 - config.logging - INFO - Logging configured - Debug: False
2025-08-28 10:23:15,524 - config.logging - INFO - Logging configured - Debug: False
2025-08-28 15:06:21,549 - config.logging - INFO - Logging configured - Debug: False
2025-09-01 09:32:50,223 - config.logging - INFO - Logging configured - Debug: False
2025-09-01 10:16:02,863 - config.logging - INFO - Logging configured - Debug: False
2025-09-01 10:16:31,869 - config.logging - INFO - Logging configured - Debug: False
2025-09-01 10:17:03,504 - config.logging - INFO - Logging configured - Debug: False
2025-09-01 10:17:30,463 - config.logging - INFO - Logging configured - Debug: False
2025-09-01 10:18:10,372 - config.logging - INFO - Logging configured - Debug: False
2025-09-01 10:18:58,857 - config.logging - INFO - Logging configured - Debug: False
2025-09-01 10:19:42,584 - config.logging - INFO - Logging configured - Debug: False
2025-09-01 10:20:41,582 - config.logging - INFO - Logging configured - Debug: False
2025-09-01 10:21:36,349 - config.logging - INFO - Logging configured - Debug: False
2025-09-01 10:22:38,483 - config.logging - INFO - Logging configured - Debug: False
2025-09-01 10:23:13,254 - config.logging - INFO - Logging configured - Debug: False
2025-09-01 10:25:09,278 - config.logging - INFO - Logging configured - Debug: False
2025-09-01 10:25:09,284 - config.logging - INFO - Logging configured - Debug: False
2025-09-01 10:25:19,583 - config.logging - INFO - Logging configured - Debug: False
2025-09-01 10:26:37,217 - config.logging - INFO - Logging configured - Debug: False
2025-09-01 10:26:43,987 - config.logging - INFO - Logging configured - Debug: False
2025-09-01 10:27:57,696 - passlib.handlers.bcrypt - WARNING - (trapped) error reading bcrypt version
Traceback (most recent call last):
  File "/Users/gimjinhyeon/Desktop/DoubleM/project/mindforest/backend/venv/lib/python3.9/site-packages/passlib/handlers/bcrypt.py", line 620, in _load_backend_mixin
    version = _bcrypt.__about__.__version__
AttributeError: module 'bcrypt' has no attribute '__about__'
2025-09-01 11:00:28,654 - config.logging - INFO - Logging configured - Debug: False
2025-09-01 11:02:03,606 - passlib.handlers.bcrypt - WARNING - (trapped) error reading bcrypt version
Traceback (most recent call last):
  File "/Users/gimjinhyeon/Desktop/DoubleM/project/mindforest/backend/venv/lib/python3.9/site-packages/passlib/handlers/bcrypt.py", line 620, in _load_backend_mixin
    version = _bcrypt.__about__.__version__
AttributeError: module 'bcrypt' has no attribute '__about__'
2025-09-02 10:23:37,236 - config.logging - INFO - Logging configured - Debug: False
2025-09-02 10:23:57,188 - config.logging - INFO - Logging configured - Debug: False
2025-09-02 10:24:29,607 - config.logging - INFO - Logging configured - Debug: False
2025-09-02 10:25:04,831 - config.logging - INFO - Logging configured - Debug: False
2025-09-02 10:25:47,050 - config.logging - INFO - Logging configured - Debug: False
2025-09-02 10:26:36,745 - config.logging - INFO - Logging configured - Debug: False
2025-09-02 10:28:31,603 - config.logging - INFO - Logging configured - Debug: False
2025-09-02 10:28:39,926 - config.logging - INFO - Logging configured - Debug: False
2025-09-02 10:28:49,260 - config.logging - INFO - Logging configured - Debug: False
2025-09-02 10:29:09,013 - config.logging - INFO - Logging configured - Debug: False
2025-09-02 10:33:31,838 - passlib.handlers.bcrypt - WARNING - (trapped) error reading bcrypt version
Traceback (most recent call last):
  File "/Users/gimjinhyeon/Desktop/DoubleM/project/mindforest/backend/venv/lib/python3.9/site-packages/passlib/handlers/bcrypt.py", line 620, in _load_backend_mixin
    version = _bcrypt.__about__.__version__
AttributeError: module 'bcrypt' has no attribute '__about__'
2025-09-02 10:50:41,354 - config.logging - INFO - Logging configured - Debug: False
2025-09-02 10:51:04,127 - config.logging - INFO - Logging configured - Debug: False
2025-09-02 10:51:25,282 - config.logging - INFO - Logging configured - Debug: False
2025-09-02 10:51:44,671 - config.logging - INFO - Logging configured - Debug: False
2025-09-02 10:52:01,351 - passlib.handlers.bcrypt - WARNING - (trapped) error reading bcrypt version
Traceback (most recent call last):
  File "/Users/gimjinhyeon/Desktop/DoubleM/project/mindforest/backend/venv/lib/python3.9/site-packages/passlib/handlers/bcrypt.py", line 620, in _load_backend_mixin
    version = _bcrypt.__about__.__version__
AttributeError: module 'bcrypt' has no attribute '__about__'
2025-09-03 10:19:40,483 - config.logging - INFO - Logging configured - Debug: False
